============================= test session starts =============================
platform win32 -- Python 3.12.13, pytest-9.1.1, pluggy-1.6.0 -- C:\Users\Administrator\Downloads\RealtimeDataPool\.venv\Scripts\python.exe
cachedir: .pytest_cache
rootdir: C:\Users\Administrator\Downloads\RealtimeDataPool
configfile: pyproject.toml
plugins: anyio-4.14.1, asyncio-1.4.0
asyncio: mode=Mode.AUTO, debug=False, asyncio_default_fixture_loop_scope=None, asyncio_default_test_loop_scope=function
collecting ... collected 58 items

tests/test_api.py::test_zero_rate_limit_means_disabled PASSED            [  1%]
tests/test_fetcher.py::TestSinaParser::test_basic PASSED                 [  3%]
tests/test_fetcher.py::TestSinaParser::test_too_short PASSED             [  5%]
tests/test_fetcher.py::TestTencentParser::test_basic FAILED              [  6%]
tests/test_fetcher.py::TestTencentParser::test_too_short PASSED          [  8%]
tests/test_fetcher.py::TestEastmoneyPriceScaling::test_stock_f152_2 PASSED [ 10%]
tests/test_fetcher.py::TestEastmoneyPriceScaling::test_etf_f152_2_uses_1000 PASSED [ 12%]
tests/test_fetcher.py::TestEastmoneyPriceScaling::test_lof_f152_2_uses_1000 PASSED [ 13%]
tests/test_fetcher.py::TestEastmoneyPriceScaling::test_etf_f152_3_uses_1000 PASSED [ 15%]
tests/test_fetcher.py::TestEastmoneyPriceScaling::test_stock_f152_3_uses_1000 PASSED [ 17%]
tests/test_fetcher.py::TestEastmoneyPriceScaling::test_change_etf_normalized PASSED [ 18%]
tests/test_fetcher.py::TestFetchWithFallbackSignature::test_signature_returns_tuple PASSED [ 20%]
tests/test_fetcher.py::TestFetchWithFallbackCoverage::test_partial_primary_falls_back_using_pool_coverage PASSED [ 22%]
tests/test_fetcher.py::TestFetchWithFallbackCoverage::test_returns_best_source_when_all_are_degraded PASSED [ 24%]
tests/test_instruments.py::TestInstrument::test_secid_sh PASSED          [ 25%]
tests/test_instruments.py::TestInstrument::test_secid_sz PASSED          [ 27%]
tests/test_instruments.py::TestInstrument::test_sina_symbol PASSED       [ 29%]
tests/test_instruments.py::TestInstrument::test_to_from_dict PASSED      [ 31%]
tests/test_instruments.py::TestInstrument::test_category_default PASSED  [ 32%]
tests/test_instruments.py::TestApplyPoolConfig::test_extra_codes_str_format_still_works PASSED [ 34%]
tests/test_instruments.py::TestApplyPoolConfig::test_extra_codes_str_format_missing_skipped PASSED [ 36%]
tests/test_instruments.py::TestApplyPoolConfig::test_extra_codes_dict_format_creates_new PASSED [ 37%]
tests/test_instruments.py::TestApplyPoolConfig::test_extra_codes_dict_no_duplicate PASSED [ 39%]
tests/test_instruments.py::TestApplyPoolConfig::test_extra_codes_mixed_format PASSED [ 41%]
tests/test_instruments.py::TestApplyPoolConfig::test_extra_codes_invalid_dict_skipped PASSED [ 43%]
tests/test_instruments.py::TestApplyPoolConfig::test_exclude_codes PASSED [ 44%]
tests/test_instruments.py::TestInstrumentPoolByCode::test_by_code_returns_correct_instrument PASSED [ 46%]
tests/test_instruments.py::TestInstrumentPoolByCode::test_by_code_index_rebuilt_on_init PASSED [ 48%]
tests/test_instruments.py::TestInstrumentPoolByCode::test_by_code_works_with_12000_instruments PASSED [ 50%]
tests/test_instruments.py::TestInstrumentPoolByCode::test_from_json_rebuilds_index PASSED [ 51%]
tests/test_instruments.py::TestInstrumentPoolByCode::test_apply_pool_config_rebuilds_index PASSED [ 53%]
tests/test_scheduler.py::TestTradingSession::test_session[dt0-True] PASSED [ 55%]
tests/test_scheduler.py::TestTradingSession::test_session[dt1-True] PASSED [ 56%]
tests/test_scheduler.py::TestTradingSession::test_session[dt2-True] PASSED [ 58%]
tests/test_scheduler.py::TestTradingSession::test_session[dt3-False] PASSED [ 60%]
tests/test_scheduler.py::TestTradingSession::test_session[dt4-False] PASSED [ 62%]
tests/test_scheduler.py::TestTradingSession::test_session[dt5-True] PASSED [ 63%]
tests/test_scheduler.py::TestTradingSession::test_session[dt6-True] PASSED [ 65%]
tests/test_scheduler.py::TestTradingSession::test_session[dt7-False] PASSED [ 67%]
tests/test_scheduler.py::TestTradingSession::test_session[dt8-False] PASSED [ 68%]
tests/test_scheduler.py::TestTradingSession::test_session[dt9-False] PASSED [ 70%]
tests/test_scheduler.py::TestTradingSession::test_session[dt10-False] PASSED [ 72%]
tests/test_scheduler.py::TestSchedulerCleanupInterval::test_default_cleanup_interval_is_1800 PASSED [ 74%]
tests/test_scheduler.py::TestSchedulerCleanupInterval::test_cleanup_interval_configurable PASSED [ 75%]
tests/test_scheduler.py::TestSchedulerCleanupInterval::test_last_cleanup_at_initial_zero PASSED [ 77%]
tests/test_scheduler.py::TestSchedulerCleanupInterval::test_retention_days_configurable PASSED [ 79%]
tests/test_scheduler.py::TestRunOnceOrderbookStats::test_run_once_signature_documented PASSED [ 81%]
tests/test_scheduler.py::TestRunOnceOrderbookStats::test_update_fetch_run_source_helper PASSED [ 82%]
tests/test_storage.py::TestStorage::test_upsert_instruments PASSED       [ 84%]
tests/test_storage.py::TestStorage::test_insert_and_query_snapshot PASSED [ 86%]
tests/test_storage.py::TestStorage::test_query_latest_returns_only_latest PASSED [ 87%]
tests/test_storage.py::TestStorage::test_history PASSED                  [ 89%]
tests/test_storage.py::TestStorage::test_fetch_runs PASSED               [ 91%]
tests/test_storage.py::TestStorage::test_cleanup PASSED                  [ 93%]
tests/test_storage.py::TestStorage::test_meta PASSED                     [ 94%]
tests/test_storage.py::TestStorage::test_update_snapshot_orderbook_writes_in_place PASSED [ 96%]
tests/test_storage.py::TestStorage::test_update_snapshot_orderbook_missing_code PASSED [ 98%]
tests/test_storage.py::TestStorage::test_update_snapshot_orderbook_only_latest PASSED [100%]

================================== FAILURES ===================================
________________________ TestTencentParser.test_basic _________________________

self = <test_fetcher.TestTencentParser object at 0x0000020563C51850>

    def test_basic(self):
        inst = Instrument(code="600000", name="x", market="sh")
        # 鑷冲皯 50 瀛楁
        fields = [""] * 50
        fields[1] = "娴﹀彂閾惰"
        fields[3] = "10.50"  # 褰撳墠浠?
        fields[4] = "10.00"  # 鏄ㄦ敹
        fields[5] = "10.20"  # 浠婂紑
        fields[6] = "12345"  # 鎴愪氦閲?
        fields[9] = "10.49"  # 涔颁竴浠?
        fields[10] = "100"   # 涔颁竴閲?
        fields[19] = "10.51" # 鍗栦竴浠?
        fields[20] = "200"   # 鍗栦竴閲?
        fields[37] = "10.80" # 鏈€楂?
        fields[38] = "10.30" # 鏈€浣?
        fields[44] = "5.00"  # 娑ㄨ穼骞?
        fields[45] = "0.50"  # 娑ㄨ穼棰?
        fields[49] = "3000000000"  # 娴侀€氬競鍊?
        q = _parse_tencent(inst, fields)
        assert q is not None
        assert q.name == "娴﹀彂閾惰"
        assert q.price == pytest.approx(10.50)
>       assert q.change_pct == pytest.approx(5.0)
E       assert None == 5.0 卤 5.0e-06
E         
E         comparison failed
E         Obtained: None
E         Expected: 5.0 卤 5.0e-06

tests\test_fetcher.py:55: AssertionError
=========================== short test summary info ===========================
FAILED tests/test_fetcher.py::TestTencentParser::test_basic - assert None == ...
======================== 1 failed, 57 passed in 3.76s =========================
